// Jest Snapshot v1, https://goo.gl/fbAQLP

exports[`Button should match snapshot and styles for default props 1`] = `[Function]`;
